---
source: parser/src/parser/tests.rs
expression: "(parsed_pretty, pretty_printed_source)"
---
(
    Ok([
        (
            FunctionDef(FunctionDef {
                decl: Normal(NormalDecl {
                    decl_spec: DeclSpec {
                        ty: Integer(IntTy(Signed, Int)),
                        attrs: "(empty)",
                    },
                    init_declarators: [
                        (
                            InitDecl {
                                declarator: Declarator {
                                    decl: WithParams {
                                        ident: (main, 5..9),
                                        params: [],
                                    },
                                    pointer: false,
                                },
                                init: None,
                            },
                            5..9,
                        ),
                    ],
                }),
                body: [
                    (
                        Expr(
                            Postfix(ExprPostfix {
                                lhs: (Atom(Ident((puts, 18..22))), 18..22),
                                op: Call([
                                    (
                                        Atom(
                                            String([
                                                72,
                                                101,
                                                108,
                                                108,
                                                111,
                                                44,
                                                32,
                                                119,
                                                111,
                                                114,
                                                108,
                                                100,
                                                33,
                                            ]),
                                        ),
                                        23..37,
                                    ),
                                ]),
                            }),
                        ),
                        22..39,
                    ),
                ],
            }),
            1..42,
        ),
    ]),
    "int main() {\n    puts(\"Hello, world!\")\n}\n",
)
